// Jest Snapshot v1, https://goo.gl/fbAQLP

exports[`SonarCollectorsService should fetch sonarMetrics 1`] = `
Array [
  Object {
    "alertStatus": "OK",
    "bugs": 1,
    "codeSmells": 30,
    "coverage": 60,
    "createdAt": 2018-12-20T00:00:00.000Z,
    "dataType": "SAT",
    "duplicatedBlocks": 10,
    "duplicatedLinesDensity": 30,
    "id": "1caedba1ffbcccc1e6f9ecac86107d41c13e9426b9115582e119554c53c69d37",
    "ncloc": 40,
    "nclocLanguageDistribution": "lang distribution",
    "newBugs": 2,
    "newCodeSmells": 3,
    "newCoverage": 60,
    "newDuplicatedLinesDensity": 10,
    "newLines": 20,
    "newLinesToCover": 50,
    "newMaintainabilityRating": 2,
    "newReliabilityRating": 2,
    "newSecurityRating": 1,
    "newTechnicalDebt": "technical debt text",
    "newVulnerabilities": 1,
    "projectName": "the project",
    "qualityGateDetails": "Passed",
    "reliabilityRating": 3,
    "securityRating": 1,
    "sqaleIndex": 1,
    "sqaleRating": 1,
    "teamName": "someTeamName",
    "tests": 20,
    "version": "2.5",
    "vulnerabilities": 8,
  },
]
`;
