// Jest Snapshot v1, https://goo.gl/fbAQLP

exports[`JenkinsRepository should get jobDetails data 1`] = `
Object {
  "branch": "master",
  "builds": Array [
    Object {
      "buildNumber": 44,
      "causedBy": "someuser",
      "durationInMs": 464989,
      "result": "SUCCESS",
      "revision": "9cc84c49ca9226620e35f5e850ca6e93568094fc",
      "revisionDescription": "org-6313 some comment",
      "timestamp": 2018-12-13T12:16:58.272Z,
      "url": "http://jenkins-server/job/org/job/project-name/job/master/44/",
    },
    Object {
      "buildNumber": 44,
      "causedBy": "someuser",
      "durationInMs": 464989,
      "result": "SUCCESS",
      "revision": "9cc84c49ca9226620e35f5e850ca6e93568094fc",
      "revisionDescription": "org-6313 some comment",
      "timestamp": 2018-12-13T12:16:58.272Z,
      "url": "http://jenkins-server/job/org/job/project-name/job/master/44/",
    },
    Object {
      "buildNumber": 44,
      "causedBy": "someuser",
      "durationInMs": 464989,
      "result": "SUCCESS",
      "revision": "9cc84c49ca9226620e35f5e850ca6e93568094fc",
      "revisionDescription": "org-6313 some comment",
      "timestamp": 2018-12-13T12:16:58.272Z,
      "url": "http://jenkins-server/job/org/job/project-name/job/master/44/",
    },
    Object {
      "buildNumber": 44,
      "causedBy": "someuser",
      "durationInMs": 464989,
      "result": "SUCCESS",
      "revision": "9cc84c49ca9226620e35f5e850ca6e93568094fc",
      "revisionDescription": "org-6313 some comment",
      "timestamp": 2018-12-13T12:16:58.272Z,
      "url": "http://jenkins-server/job/org/job/project-name/job/master/44/",
    },
    Object {
      "buildNumber": 44,
      "causedBy": "someuser",
      "durationInMs": 464989,
      "result": "SUCCESS",
      "revision": "9cc84c49ca9226620e35f5e850ca6e93568094fc",
      "revisionDescription": "org-6313 some comment",
      "timestamp": 2018-12-13T12:16:58.272Z,
      "url": "http://jenkins-server/job/org/job/project-name/job/master/44/",
    },
  ],
  "name": "org/project-name/master",
}
`;
